#status
  %s == ["clientDeleteProhibited https://icann.org/epp#clientDeleteProhibited", "clientTransferProhibited https://icann.org/epp#clientTransferProhibited", "clientUpdateProhibited https://icann.org/epp#clientUpdateProhibited"]

#available?
  %s == false

#registered?
  %s == true


#created_on
  %s %CLASS{time}
  %s %TIME{2015-06-21T16:00:03Z}

#updated_on
  %s %CLASS{time}
  %s %TIME{2025-06-21T23:03:42Z}

#expires_on
  %s %CLASS{time}
  %s %TIME{2026-06-21T16:00:03Z}


#nameservers
  %s %CLASS{array}
  %s %SIZE{2}
  %s[0] %CLASS{nameserver}
  %s[0].name == "ns1.markmonitor.com"
  %s[1] %CLASS{nameserver}
  %s[1].name == "ns2.markmonitor.com"


#registrar
  %s %CLASS{registrar}
  %s.id == "470"
  %s.name == "Nom-iq Ltd. dba COM LAUDE"
  %s.url == "http://www.comlaude.com"